ExchangeSinkExec[[_tsid{m}#0, step{r}#1, $$RATE_$0$timestamps{r}#2, $$RATE_$1$values{r}#3, $$RATE_$2$sampleCounts{r}#4, $$RATE_$3$resets{r}#5, $$RATE_$4$timestamps{r}#6, $$RATE_$5$values{r}#7, $$RATE_$6$sampleCounts{r}#8, $$RATE_$7$resets{r}#9],false]
\_TimeSeriesAggregateExec[[_tsid{m}#0, step{r}#1],[RATE(network.total_bytes_in{f}#10,cluster{f}#11 == prod[KEYWORD],PT5M[TIME_DURATION],@timestamp{f}#12) AS RATE_$1#13, RATE(network.total_bytes_in{f}#10,true[BOOLEAN],PT5M[TIME_DURATION],@timestamp{f}#12) AS RATE_$2#14, step{r}#1 AS step#1],INTERMEDIATE,[_tsid{m}#0, step{r}#1, $$RATE_$0$timestamps{r}#15, $$RATE_$1$values{r}#16, $$RATE_$2$sampleCounts{r}#17, $$RATE_$3$resets{r}#18, $$RATE_$4$timestamps{r}#19, $$RATE_$5$values{r}#20, $$RATE_$6$sampleCounts{r}#21, $$RATE_$7$resets{r}#22],24,BUCKET(@timestamp{f}#12,PT5M[TIME_DURATION]),BUCKET(@timestamp{f}#12,PT5M[TIME_DURATION])]
  \_ExchangeSourceExec[[_tsid{m}#0, step{r}#1, $$RATE_$0$timestamps{r}#2, $$RATE_$1$values{r}#3, $$RATE_$2$sampleCounts{r}#4, $$RATE_$3$resets{r}#5, $$RATE_$4$timestamps{r}#6, $$RATE_$5$values{r}#7, $$RATE_$6$sampleCounts{r}#8, $$RATE_$7$resets{r}#9],false]