ExchangeSinkExec[[_tsid{m}#0, step{r}#1, $$RATE_$0$timestamps{r}#2, $$RATE_$1$values{r}#3, $$RATE_$2$sampleCounts{r}#4, $$RATE_$3$resets{r}#5, $$RATE_$4$timestamps{r}#6, $$RATE_$5$values{r}#7, $$RATE_$6$sampleCounts{r}#8, $$RATE_$7$resets{r}#9],false]
\_FragmentExec[filter=null, estimatedRowSize=0, reducer=[], fragment=[<>
TimeSeriesAggregate[[_tsid{m}#0, step{r}#1],[RATE(network.total_bytes_in{f}#10,cluster{f}#11 == prod[KEYWORD],PT5M[TIME_DURATION],@timestamp{f}#12) AS RATE_$1#13, RATE(network.total_bytes_in{f}#10,true[BOOLEAN],PT5M[TIME_DURATION],@timestamp{f}#12) AS RATE_$2#14, step{r}#1 AS step#1],BUCKET(@timestamp{f}#12,PT5M[TIME_DURATION]),BUCKET(@timestamp{f}#12,PT5M[TIME_DURATION]),@timestamp{f}#12,PROMQL_COMMAND]
\_Eval[[BUCKET(@timestamp{f}#12,PT5M[TIME_DURATION]) AS step#1]]
  \_EsRelation[k8s][TIME_SERIES][@timestamp{f}#12, client.ip{f}#15, cluster{f}#11, event{f}#16, event_city{f}#17, event_city_boundary{f}#18, event_location{f}#19, event_log{f}#20, event_shape{f}#21, events_received{f}#22, network.bytes_in{f}#23, network.cost{f}#24, network.eth0.currently_connected_clients{f}#25, network.eth0.firmware_version{f}#26, network.eth0.last_up{f}#27, network.eth0.rx{f}#28, network.eth0.tx{f}#29, network.eth0.up{f}#30, network.total_bytes_in{f}#10, network.total_bytes_out{f}#31, network.total_cost{f}#32, pod{f}#33, region{f}#34, _tsid{m}#0]<>]]