ProjectExec[[ratio{r}#0, step{r}#1]]
\_LimitExec[10000[INTEGER],null]
  \_FilterExec[ISNOTNULL(ratio{r}#0)]
    \_EvalExec[[TODOUBLE(ratio{r}#2) / TODOUBLE(ratio{r}#3) AS ratio#4, TODOUBLE(ratio{r}#4) AS ratio#0]]
      \_FilterExec[step{r}#1 >= 0[DATETIME] AND step{r}#1 <= 253402300799999[DATETIME]]
        \_AggregateExec[[step{r}#1],[SUM(RATE_$1{r}#5,true[BOOLEAN],PT0S[TIME_DURATION],compensated[KEYWORD],long_overflow_warn[KEYWORD]) AS ratio_$1#2, SUM(RATE_$2{r}#6,true[BOOLEAN],PT0S[TIME_DURATION],compensated[KEYWORD],long_overflow_warn[KEYWORD]) AS ratio_$2#3, step{r}#1],SINGLE,[step{r}#1, $$ratio_$0$value{r}#7, $$ratio_$1$delta{r}#8, $$ratio_$2$seen{r}#9, $$ratio_$3$value{r}#10, $$ratio_$4$delta{r}#11, $$ratio_$5$seen{r}#12],null]
          \_TimeSeriesAggregateExec[[_tsid{m}#13, step{r}#1],[RATE(network.total_bytes_in{f}#14,cluster{f}#15 == prod[KEYWORD],PT5M[TIME_DURATION],@timestamp{f}#16) AS RATE_$1#5, RATE(network.total_bytes_in{f}#14,true[BOOLEAN],PT5M[TIME_DURATION],@timestamp{f}#16) AS RATE_$2#6, step{r}#1 AS step#1],FINAL,[_tsid{m}#13, step{r}#1, $$RATE_$6$timestamps{r}#17, $$RATE_$7$values{r}#18, $$RATE_$8$sampleCounts{r}#19, $$RATE_$9$resets{r}#20, $$RATE_$10$timestamps{r}#21, $$RATE_$11$values{r}#22, $$RATE_$12$sampleCounts{r}#23, $$RATE_$13$resets{r}#24],null,BUCKET(@timestamp{f}#16,PT5M[TIME_DURATION]),BUCKET(@timestamp{f}#16,PT5M[TIME_DURATION])]
            \_ExchangeExec[[_tsid{m}#13, step{r}#1, $$RATE_$6$timestamps{r}#17, $$RATE_$7$values{r}#18, $$RATE_$8$sampleCounts{r}#19, $$RATE_$9$resets{r}#20, $$RATE_$10$timestamps{r}#21, $$RATE_$11$values{r}#22, $$RATE_$12$sampleCounts{r}#23, $$RATE_$13$resets{r}#24],true]
              \_FragmentExec[filter=null, estimatedRowSize=0, reducer=[], fragment=[<>
TimeSeriesAggregate[[_tsid{m}#13, step{r}#1],[RATE(network.total_bytes_in{f}#14,cluster{f}#15 == prod[KEYWORD],PT5M[TIME_DURATION],@timestamp{f}#16) AS RATE_$1#5, RATE(network.total_bytes_in{f}#14,true[BOOLEAN],PT5M[TIME_DURATION],@timestamp{f}#16) AS RATE_$2#6, step{r}#1 AS step#1],BUCKET(@timestamp{f}#16,PT5M[TIME_DURATION]),BUCKET(@timestamp{f}#16,PT5M[TIME_DURATION]),@timestamp{f}#16,PROMQL_COMMAND]
\_Eval[[BUCKET(@timestamp{f}#16,PT5M[TIME_DURATION]) AS step#1]]
  \_EsRelation[k8s][TIME_SERIES][@timestamp{f}#16, client.ip{f}#25, cluster{f}#15, event{f}#26, event_city{f}#27, event_city_boundary{f}#28, event_location{f}#29, event_log{f}#30, event_shape{f}#31, events_received{f}#32, network.bytes_in{f}#33, network.cost{f}#34, network.eth0.currently_connected_clients{f}#35, network.eth0.firmware_version{f}#36, network.eth0.last_up{f}#37, network.eth0.rx{f}#38, network.eth0.tx{f}#39, network.eth0.up{f}#40, network.total_bytes_in{f}#14, network.total_bytes_out{f}#41, network.total_cost{f}#42, pod{f}#43, region{f}#44, _tsid{m}#13]<>]]